<?xml version="1.0" encoding="UTF-8"?>
<testsuite name="SampleTestSuite" tests="1" failures="0">
    <testcase classname="SampleTest" name="testExample"/>
</testsuite>

